15:34:47 **** Incremental Build of configuration Debug for project app-cmty_ble-geoloc ****
make -j4 all 
arm-none-eabi-gcc "../src/btn_handling.c" -mcpu=cortex-m4 -std=gnu11 -g3 -DDEBUG -DABEEWAY=1 -DUSE_HAL_DRIVER -DSTM32WB55xx -DREGION_EU868 -DREGION_US915 -DUSE_FULL_LL_DRIVER -DREGION_RU864 -DREGION_AS923 -DREGION_AU915 -DREGION_KR920 -DREGION_IN865 -DSTM32 -DSTM32WB55VGYx -DSTM32WB -c -I"C:/Users/Jean-PierreTogbe/STM32CubeIDE/workspace_1.10.1/abeeway-geolocation-module/apps/community/app-cmty_ble-geoloc/src" -I"C:/Users/Jean-PierreTogbe/STM32CubeIDE/workspace_1.10.1/abeeway-geolocation-module/aos-sdk/include" -I"C:/Users/Jean-PierreTogbe/STM32CubeIDE/workspace_1.10.1/abeeway-geolocation-module/aos-sdk/include/middleware/FreeRTOS" -I"C:/Users/Jean-PierreTogbe/STM32CubeIDE/workspace_1.10.1/abeeway-geolocation-module/aos-sdk/include/middleware/LoRaWAN" -I"C:/Users/Jean-PierreTogbe/STM32CubeIDE/workspace_1.10.1/abeeway-geolocation-module/aos-sdk/include/middleware/STM32WB_BLE" -I"C:/Users/Jean-PierreTogbe/STM32CubeIDE/workspace_1.10.1/abeeway-geolocation-module/aos-sdk/include/middleware/STM32WB_HAL" -O0 -ffunction-sections -fdata-sections -Wall -Werror -Wmissing-include-dirs -fstack-usage -MMD -MP -MF"src/btn_handling.d" -MT"src/btn_handling.o" --specs=nano.specs -mfpu=fpv4-sp-d16 -mfloat-abi=hard -mthumb -o "src/btn_handling.o"
arm-none-eabi-gcc "../src/cli-cmd-ble.c" -mcpu=cortex-m4 -std=gnu11 -g3 -DDEBUG -DABEEWAY=1 -DUSE_HAL_DRIVER -DSTM32WB55xx -DREGION_EU868 -DREGION_US915 -DUSE_FULL_LL_DRIVER -DREGION_RU864 -DREGION_AS923 -DREGION_AU915 -DREGION_KR920 -DREGION_IN865 -DSTM32 -DSTM32WB55VGYx -DSTM32WB -c -I"C:/Users/Jean-PierreTogbe/STM32CubeIDE/workspace_1.10.1/abeeway-geolocation-module/apps/community/app-cmty_ble-geoloc/src" -I"C:/Users/Jean-PierreTogbe/STM32CubeIDE/workspace_1.10.1/abeeway-geolocation-module/aos-sdk/include" -I"C:/Users/Jean-PierreTogbe/STM32CubeIDE/workspace_1.10.1/abeeway-geolocation-module/aos-sdk/include/middleware/FreeRTOS" -I"C:/Users/Jean-PierreTogbe/STM32CubeIDE/workspace_1.10.1/abeeway-geolocation-module/aos-sdk/include/middleware/LoRaWAN" -I"C:/Users/Jean-PierreTogbe/STM32CubeIDE/workspace_1.10.1/abeeway-geolocation-module/aos-sdk/include/middleware/STM32WB_BLE" -I"C:/Users/Jean-PierreTogbe/STM32CubeIDE/workspace_1.10.1/abeeway-geolocation-module/aos-sdk/include/middleware/STM32WB_HAL" -O0 -ffunction-sections -fdata-sections -Wall -Werror -Wmissing-include-dirs -fstack-usage -MMD -MP -MF"src/cli-cmd-ble.d" -MT"src/cli-cmd-ble.o" --specs=nano.specs -mfpu=fpv4-sp-d16 -mfloat-abi=hard -mthumb -o "src/cli-cmd-ble.o"
arm-none-eabi-gcc "../src/cli-cmd-lora.c" -mcpu=cortex-m4 -std=gnu11 -g3 -DDEBUG -DABEEWAY=1 -DUSE_HAL_DRIVER -DSTM32WB55xx -DREGION_EU868 -DREGION_US915 -DUSE_FULL_LL_DRIVER -DREGION_RU864 -DREGION_AS923 -DREGION_AU915 -DREGION_KR920 -DREGION_IN865 -DSTM32 -DSTM32WB55VGYx -DSTM32WB -c -I"C:/Users/Jean-PierreTogbe/STM32CubeIDE/workspace_1.10.1/abeeway-geolocation-module/apps/community/app-cmty_ble-geoloc/src" -I"C:/Users/Jean-PierreTogbe/STM32CubeIDE/workspace_1.10.1/abeeway-geolocation-module/aos-sdk/include" -I"C:/Users/Jean-PierreTogbe/STM32CubeIDE/workspace_1.10.1/abeeway-geolocation-module/aos-sdk/include/middleware/FreeRTOS" -I"C:/Users/Jean-PierreTogbe/STM32CubeIDE/workspace_1.10.1/abeeway-geolocation-module/aos-sdk/include/middleware/LoRaWAN" -I"C:/Users/Jean-PierreTogbe/STM32CubeIDE/workspace_1.10.1/abeeway-geolocation-module/aos-sdk/include/middleware/STM32WB_BLE" -I"C:/Users/Jean-PierreTogbe/STM32CubeIDE/workspace_1.10.1/abeeway-geolocation-module/aos-sdk/include/middleware/STM32WB_HAL" -O0 -ffunction-sections -fdata-sections -Wall -Werror -Wmissing-include-dirs -fstack-usage -MMD -MP -MF"src/cli-cmd-lora.d" -MT"src/cli-cmd-lora.o" --specs=nano.specs -mfpu=fpv4-sp-d16 -mfloat-abi=hard -mthumb -o "src/cli-cmd-lora.o"
arm-none-eabi-gcc "../src/cli-cmd-pwm.c" -mcpu=cortex-m4 -std=gnu11 -g3 -DDEBUG -DABEEWAY=1 -DUSE_HAL_DRIVER -DSTM32WB55xx -DREGION_EU868 -DREGION_US915 -DUSE_FULL_LL_DRIVER -DREGION_RU864 -DREGION_AS923 -DREGION_AU915 -DREGION_KR920 -DREGION_IN865 -DSTM32 -DSTM32WB55VGYx -DSTM32WB -c -I"C:/Users/Jean-PierreTogbe/STM32CubeIDE/workspace_1.10.1/abeeway-geolocation-module/apps/community/app-cmty_ble-geoloc/src" -I"C:/Users/Jean-PierreTogbe/STM32CubeIDE/workspace_1.10.1/abeeway-geolocation-module/aos-sdk/include" -I"C:/Users/Jean-PierreTogbe/STM32CubeIDE/workspace_1.10.1/abeeway-geolocation-module/aos-sdk/include/middleware/FreeRTOS" -I"C:/Users/Jean-PierreTogbe/STM32CubeIDE/workspace_1.10.1/abeeway-geolocation-module/aos-sdk/include/middleware/LoRaWAN" -I"C:/Users/Jean-PierreTogbe/STM32CubeIDE/workspace_1.10.1/abeeway-geolocation-module/aos-sdk/include/middleware/STM32WB_BLE" -I"C:/Users/Jean-PierreTogbe/STM32CubeIDE/workspace_1.10.1/abeeway-geolocation-module/aos-sdk/include/middleware/STM32WB_HAL" -O0 -ffunction-sections -fdata-sections -Wall -Werror -Wmissing-include-dirs -fstack-usage -MMD -MP -MF"src/cli-cmd-pwm.d" -MT"src/cli-cmd-pwm.o" --specs=nano.specs -mfpu=fpv4-sp-d16 -mfloat-abi=hard -mthumb -o "src/cli-cmd-pwm.o"
arm-none-eabi-gcc "../src/cli-cmd-system.c" -mcpu=cortex-m4 -std=gnu11 -g3 -DDEBUG -DABEEWAY=1 -DUSE_HAL_DRIVER -DSTM32WB55xx -DREGION_EU868 -DREGION_US915 -DUSE_FULL_LL_DRIVER -DREGION_RU864 -DREGION_AS923 -DREGION_AU915 -DREGION_KR920 -DREGION_IN865 -DSTM32 -DSTM32WB55VGYx -DSTM32WB -c -I"C:/Users/Jean-PierreTogbe/STM32CubeIDE/workspace_1.10.1/abeeway-geolocation-module/apps/community/app-cmty_ble-geoloc/src" -I"C:/Users/Jean-PierreTogbe/STM32CubeIDE/workspace_1.10.1/abeeway-geolocation-module/aos-sdk/include" -I"C:/Users/Jean-PierreTogbe/STM32CubeIDE/workspace_1.10.1/abeeway-geolocation-module/aos-sdk/include/middleware/FreeRTOS" -I"C:/Users/Jean-PierreTogbe/STM32CubeIDE/workspace_1.10.1/abeeway-geolocation-module/aos-sdk/include/middleware/LoRaWAN" -I"C:/Users/Jean-PierreTogbe/STM32CubeIDE/workspace_1.10.1/abeeway-geolocation-module/aos-sdk/include/middleware/STM32WB_BLE" -I"C:/Users/Jean-PierreTogbe/STM32CubeIDE/workspace_1.10.1/abeeway-geolocation-module/aos-sdk/include/middleware/STM32WB_HAL" -O0 -ffunction-sections -fdata-sections -Wall -Werror -Wmissing-include-dirs -fstack-usage -MMD -MP -MF"src/cli-cmd-system.d" -MT"src/cli-cmd-system.o" --specs=nano.specs -mfpu=fpv4-sp-d16 -mfloat-abi=hard -mthumb -o "src/cli-cmd-system.o"
arm-none-eabi-gcc "../src/cli-cmd-uart.c" -mcpu=cortex-m4 -std=gnu11 -g3 -DDEBUG -DABEEWAY=1 -DUSE_HAL_DRIVER -DSTM32WB55xx -DREGION_EU868 -DREGION_US915 -DUSE_FULL_LL_DRIVER -DREGION_RU864 -DREGION_AS923 -DREGION_AU915 -DREGION_KR920 -DREGION_IN865 -DSTM32 -DSTM32WB55VGYx -DSTM32WB -c -I"C:/Users/Jean-PierreTogbe/STM32CubeIDE/workspace_1.10.1/abeeway-geolocation-module/apps/community/app-cmty_ble-geoloc/src" -I"C:/Users/Jean-PierreTogbe/STM32CubeIDE/workspace_1.10.1/abeeway-geolocation-module/aos-sdk/include" -I"C:/Users/Jean-PierreTogbe/STM32CubeIDE/workspace_1.10.1/abeeway-geolocation-module/aos-sdk/include/middleware/FreeRTOS" -I"C:/Users/Jean-PierreTogbe/STM32CubeIDE/workspace_1.10.1/abeeway-geolocation-module/aos-sdk/include/middleware/LoRaWAN" -I"C:/Users/Jean-PierreTogbe/STM32CubeIDE/workspace_1.10.1/abeeway-geolocation-module/aos-sdk/include/middleware/STM32WB_BLE" -I"C:/Users/Jean-PierreTogbe/STM32CubeIDE/workspace_1.10.1/abeeway-geolocation-module/aos-sdk/include/middleware/STM32WB_HAL" -O0 -ffunction-sections -fdata-sections -Wall -Werror -Wmissing-include-dirs -fstack-usage -MMD -MP -MF"src/cli-cmd-uart.d" -MT"src/cli-cmd-uart.o" --specs=nano.specs -mfpu=fpv4-sp-d16 -mfloat-abi=hard -mthumb -o "src/cli-cmd-uart.o"
arm-none-eabi-gcc "../src/cli-cmd-wifi.c" -mcpu=cortex-m4 -std=gnu11 -g3 -DDEBUG -DABEEWAY=1 -DUSE_HAL_DRIVER -DSTM32WB55xx -DREGION_EU868 -DREGION_US915 -DUSE_FULL_LL_DRIVER -DREGION_RU864 -DREGION_AS923 -DREGION_AU915 -DREGION_KR920 -DREGION_IN865 -DSTM32 -DSTM32WB55VGYx -DSTM32WB -c -I"C:/Users/Jean-PierreTogbe/STM32CubeIDE/workspace_1.10.1/abeeway-geolocation-module/apps/community/app-cmty_ble-geoloc/src" -I"C:/Users/Jean-PierreTogbe/STM32CubeIDE/workspace_1.10.1/abeeway-geolocation-module/aos-sdk/include" -I"C:/Users/Jean-PierreTogbe/STM32CubeIDE/workspace_1.10.1/abeeway-geolocation-module/aos-sdk/include/middleware/FreeRTOS" -I"C:/Users/Jean-PierreTogbe/STM32CubeIDE/workspace_1.10.1/abeeway-geolocation-module/aos-sdk/include/middleware/LoRaWAN" -I"C:/Users/Jean-PierreTogbe/STM32CubeIDE/workspace_1.10.1/abeeway-geolocation-module/aos-sdk/include/middleware/STM32WB_BLE" -I"C:/Users/Jean-PierreTogbe/STM32CubeIDE/workspace_1.10.1/abeeway-geolocation-module/aos-sdk/include/middleware/STM32WB_HAL" -O0 -ffunction-sections -fdata-sections -Wall -Werror -Wmissing-include-dirs -fstack-usage -MMD -MP -MF"src/cli-cmd-wifi.d" -MT"src/cli-cmd-wifi.o" --specs=nano.specs -mfpu=fpv4-sp-d16 -mfloat-abi=hard -mthumb -o "src/cli-cmd-wifi.o"
arm-none-eabi-gcc "../src/encode_handling.c" -mcpu=cortex-m4 -std=gnu11 -g3 -DDEBUG -DABEEWAY=1 -DUSE_HAL_DRIVER -DSTM32WB55xx -DREGION_EU868 -DREGION_US915 -DUSE_FULL_LL_DRIVER -DREGION_RU864 -DREGION_AS923 -DREGION_AU915 -DREGION_KR920 -DREGION_IN865 -DSTM32 -DSTM32WB55VGYx -DSTM32WB -c -I"C:/Users/Jean-PierreTogbe/STM32CubeIDE/workspace_1.10.1/abeeway-geolocation-module/apps/community/app-cmty_ble-geoloc/src" -I"C:/Users/Jean-PierreTogbe/STM32CubeIDE/workspace_1.10.1/abeeway-geolocation-module/aos-sdk/include" -I"C:/Users/Jean-PierreTogbe/STM32CubeIDE/workspace_1.10.1/abeeway-geolocation-module/aos-sdk/include/middleware/FreeRTOS" -I"C:/Users/Jean-PierreTogbe/STM32CubeIDE/workspace_1.10.1/abeeway-geolocation-module/aos-sdk/include/middleware/LoRaWAN" -I"C:/Users/Jean-PierreTogbe/STM32CubeIDE/workspace_1.10.1/abeeway-geolocation-module/aos-sdk/include/middleware/STM32WB_BLE" -I"C:/Users/Jean-PierreTogbe/STM32CubeIDE/workspace_1.10.1/abeeway-geolocation-module/aos-sdk/include/middleware/STM32WB_HAL" -O0 -ffunction-sections -fdata-sections -Wall -Werror -Wmissing-include-dirs -fstack-usage -MMD -MP -MF"src/encode_handling.d" -MT"src/encode_handling.o" --specs=nano.specs -mfpu=fpv4-sp-d16 -mfloat-abi=hard -mthumb -o "src/encode_handling.o"
arm-none-eabi-gcc "../src/lora_handler.c" -mcpu=cortex-m4 -std=gnu11 -g3 -DDEBUG -DABEEWAY=1 -DUSE_HAL_DRIVER -DSTM32WB55xx -DREGION_EU868 -DREGION_US915 -DUSE_FULL_LL_DRIVER -DREGION_RU864 -DREGION_AS923 -DREGION_AU915 -DREGION_KR920 -DREGION_IN865 -DSTM32 -DSTM32WB55VGYx -DSTM32WB -c -I"C:/Users/Jean-PierreTogbe/STM32CubeIDE/workspace_1.10.1/abeeway-geolocation-module/apps/community/app-cmty_ble-geoloc/src" -I"C:/Users/Jean-PierreTogbe/STM32CubeIDE/workspace_1.10.1/abeeway-geolocation-module/aos-sdk/include" -I"C:/Users/Jean-PierreTogbe/STM32CubeIDE/workspace_1.10.1/abeeway-geolocation-module/aos-sdk/include/middleware/FreeRTOS" -I"C:/Users/Jean-PierreTogbe/STM32CubeIDE/workspace_1.10.1/abeeway-geolocation-module/aos-sdk/include/middleware/LoRaWAN" -I"C:/Users/Jean-PierreTogbe/STM32CubeIDE/workspace_1.10.1/abeeway-geolocation-module/aos-sdk/include/middleware/STM32WB_BLE" -I"C:/Users/Jean-PierreTogbe/STM32CubeIDE/workspace_1.10.1/abeeway-geolocation-module/aos-sdk/include/middleware/STM32WB_HAL" -O0 -ffunction-sections -fdata-sections -Wall -Werror -Wmissing-include-dirs -fstack-usage -MMD -MP -MF"src/lora_handler.d" -MT"src/lora_handler.o" --specs=nano.specs -mfpu=fpv4-sp-d16 -mfloat-abi=hard -mthumb -o "src/lora_handler.o"
arm-none-eabi-gcc "../src/main.c" -mcpu=cortex-m4 -std=gnu11 -g3 -DDEBUG -DABEEWAY=1 -DUSE_HAL_DRIVER -DSTM32WB55xx -DREGION_EU868 -DREGION_US915 -DUSE_FULL_LL_DRIVER -DREGION_RU864 -DREGION_AS923 -DREGION_AU915 -DREGION_KR920 -DREGION_IN865 -DSTM32 -DSTM32WB55VGYx -DSTM32WB -c -I"C:/Users/Jean-PierreTogbe/STM32CubeIDE/workspace_1.10.1/abeeway-geolocation-module/apps/community/app-cmty_ble-geoloc/src" -I"C:/Users/Jean-PierreTogbe/STM32CubeIDE/workspace_1.10.1/abeeway-geolocation-module/aos-sdk/include" -I"C:/Users/Jean-PierreTogbe/STM32CubeIDE/workspace_1.10.1/abeeway-geolocation-module/aos-sdk/include/middleware/FreeRTOS" -I"C:/Users/Jean-PierreTogbe/STM32CubeIDE/workspace_1.10.1/abeeway-geolocation-module/aos-sdk/include/middleware/LoRaWAN" -I"C:/Users/Jean-PierreTogbe/STM32CubeIDE/workspace_1.10.1/abeeway-geolocation-module/aos-sdk/include/middleware/STM32WB_BLE" -I"C:/Users/Jean-PierreTogbe/STM32CubeIDE/workspace_1.10.1/abeeway-geolocation-module/aos-sdk/include/middleware/STM32WB_HAL" -O0 -ffunction-sections -fdata-sections -Wall -Werror -Wmissing-include-dirs -fstack-usage -MMD -MP -MF"src/main.d" -MT"src/main.o" --specs=nano.specs -mfpu=fpv4-sp-d16 -mfloat-abi=hard -mthumb -o "src/main.o"
arm-none-eabi-gcc "../src/srv_lmh.c" -mcpu=cortex-m4 -std=gnu11 -g3 -DDEBUG -DABEEWAY=1 -DUSE_HAL_DRIVER -DSTM32WB55xx -DREGION_EU868 -DREGION_US915 -DUSE_FULL_LL_DRIVER -DREGION_RU864 -DREGION_AS923 -DREGION_AU915 -DREGION_KR920 -DREGION_IN865 -DSTM32 -DSTM32WB55VGYx -DSTM32WB -c -I"C:/Users/Jean-PierreTogbe/STM32CubeIDE/workspace_1.10.1/abeeway-geolocation-module/apps/community/app-cmty_ble-geoloc/src" -I"C:/Users/Jean-PierreTogbe/STM32CubeIDE/workspace_1.10.1/abeeway-geolocation-module/aos-sdk/include" -I"C:/Users/Jean-PierreTogbe/STM32CubeIDE/workspace_1.10.1/abeeway-geolocation-module/aos-sdk/include/middleware/FreeRTOS" -I"C:/Users/Jean-PierreTogbe/STM32CubeIDE/workspace_1.10.1/abeeway-geolocation-module/aos-sdk/include/middleware/LoRaWAN" -I"C:/Users/Jean-PierreTogbe/STM32CubeIDE/workspace_1.10.1/abeeway-geolocation-module/aos-sdk/include/middleware/STM32WB_BLE" -I"C:/Users/Jean-PierreTogbe/STM32CubeIDE/workspace_1.10.1/abeeway-geolocation-module/aos-sdk/include/middleware/STM32WB_HAL" -O0 -ffunction-sections -fdata-sections -Wall -Werror -Wmissing-include-dirs -fstack-usage -MMD -MP -MF"src/srv_lmh.d" -MT"src/srv_lmh.o" --specs=nano.specs -mfpu=fpv4-sp-d16 -mfloat-abi=hard -mthumb -o "src/srv_lmh.o"
arm-none-eabi-gcc -o "app-cmty_ble-geoloc.elf" @"objects.list"  -Wl,--start-group -laos-core -laos-services -laos-boards-EVK_ES2 -Wl,--end-group -mcpu=cortex-m4 -T"C:\Users\Jean-PierreTogbe\STM32CubeIDE\workspace_1.10.1\abeeway-geolocation-module\aos-sdk\Release\ld-scripts\STM32WB55VGYX_FLASH.ld" --specs=nosys.specs -Wl,-Map="app-cmty_ble-geoloc.map" -Wl,--gc-sections -static -L"C:\Users\Jean-PierreTogbe\STM32CubeIDE\workspace_1.10.1\abeeway-geolocation-module\aos-sdk\Release\lib" --specs=nano.specs -mfpu=fpv4-sp-d16 -mfloat-abi=hard -mthumb -Wl,--start-group -lc -lm -Wl,--end-group
Finished building target: app-cmty_ble-geoloc.elf
 
arm-none-eabi-size   app-cmty_ble-geoloc.elf 
arm-none-eabi-objdump -h -S  app-cmty_ble-geoloc.elf  > "app-cmty_ble-geoloc.list"
   text	   data	    bss	    dec	    hex	filename
 224900	  11245	 114079	 350224	  55810	app-cmty_ble-geoloc.elf
Finished building: default.size.stdout
 
Finished building: app-cmty_ble-geoloc.list
 
15:35:07 **** Incremental Build of configuration Debug for project app-cmty_ble-geoloc ****
make -j4 all 
arm-none-eabi-size   app-cmty_ble-geoloc.elf 
   text	   data	    bss	    dec	    hex	filename
 224900	  11245	 114079	 350224	  55810	app-cmty_ble-geoloc.elf
Finished building: default.size.stdout
 
15:35:25 **** Incremental Build of configuration Debug for project app-cmty_ble-geoloc ****
make -j4 all 
arm-none-eabi-size   app-cmty_ble-geoloc.elf 
   text	   data	    bss	    dec	    hex	filename
 224900	  11245	 114079	 350224	  55810	app-cmty_ble-geoloc.elf
Finished building: default.size.stdout
 
